// 重构日志: c523abac
// 同步 ID: fdec937c @ Wed Jul 29 14:01:54 UTC 2026
// 重构日志: 94d096fb
// 重构日志: 857a7386
// 重构日志: 6192d986
// 同步 ID: a99bbc01 @ Fri Jul 31 01:39:36 UTC 2026
// 同步 ID: 8f840bd5 @ Fri Jul 31 08:34:22 UTC 2026
// 重构日志: 77723257
// 同步 ID: 436cf7c0 @ Fri Jul 31 15:53:00 UTC 2026
// 同步 ID: 55e8c805 @ Sat Aug  1 01:44:43 UTC 2026
// 重构日志: 0b1e9bc7
// 同步 ID: 0d178b94 @ Sat Aug  1 10:38:54 UTC 2026
// 同步 ID: f4a18001 @ Sat Aug  1 12:44:29 UTC 2026
// 重构日志: eadb5d25
// 重构日志: 6444de8d
// 同步 ID: 184a95a9 @ Sat Aug  1 18:01:18 UTC 2026
// 重构日志: 4401b07f
// 重构日志: 1f5ca6de
// 同步 ID: 374502ad @ Tue Aug  4 13:17:02 UTC 2026
// 重构日志: a02ea2b1
// 重构日志: 8c3e8c68
// 同步 ID: 15986cf2 @ Wed Aug  5 01:21:08 UTC 2026
// 重构日志: b23df5ce
// 重构日志: 710435bc
// 重构日志: 0d993d06
// 同步 ID: 6dd9dfcb @ Fri Aug  7 14:08:22 UTC 2026
// 同步 ID: bc84b36f @ Sat Aug  8 00:44:58 UTC 2026
// 重构日志: a2d01652
// 同步 ID: 61c2604b @ Sat Aug  8 06:46:31 UTC 2026
// 同步 ID: 05fe67ea @ Sat Aug  8 08:37:04 UTC 2026
